C51 COMPILER V9.60.7.0   MAIN                                                              12/16/2025 23:35:36 PAGE 1   


C51 COMPILER V9.60.7.0, COMPILATION OF MODULE MAIN
OBJECT MODULE PLACED IN .\Objects\main.obj
COMPILER INVOKED BY: C:\Keil_v5\C51\BIN\C51.EXE main.c OPTIMIZE(8,SPEED) BROWSE DEBUG OBJECTEXTEND PRINT(.\Listings\main
                    -.lst) TABS(2) OBJECT(.\Objects\main.obj)

line level    source

   1          #include <reg51.h>
   2          #include <intrins.h>
   3          
   4          // Protótipos de Funções
   5          void i2c_start(void);
   6          void i2c_stop(void);
   7          void i2c_ACK(void);
   8          void i2c_write(unsigned char);
   9          void i2c_DevWrite(unsigned char);
  10          void lcd_send_cmd(unsigned char);
  11          void lcd_send_data(unsigned char);
  12          void lcd_send_str(unsigned char *);
  13          void lcd_slave(unsigned char);
  14          void delay_ms(unsigned int);
  15          
  16          // Variáveis Globais
  17          unsigned char slave1 = 0x4E;
  18          unsigned char slave_add;
  19          
  20          // Definição de Pinos
  21          sbit scl = P0^6;
  22          sbit sda = P0^7;
  23          
  24          void i2c_start(void)
  25          {
  26   1          sda = 1;
  27   1          _nop_(); _nop_();
  28   1          scl = 1;
  29   1          _nop_(); _nop_();
  30   1          sda = 0;
  31   1          _nop_(); _nop_();
  32   1      }
  33          
  34          void i2c_stop(void)
  35          {
  36   1          scl = 0;
  37   1          sda = 0;
  38   1          scl = 1;
  39   1          sda = 1;
  40   1      }
  41          
  42          void lcd_slave(unsigned char slave)
  43          {
  44   1          slave_add = slave;
  45   1      }
  46          
  47          void i2c_ACK(void)
  48          {
  49   1          scl = 0;
  50   1          sda = 1;
  51   1          scl = 1;
  52   1          while(sda); // Aguarda o escravo puxar SDA para baixo (ACK)
  53   1      }
  54          
C51 COMPILER V9.60.7.0   MAIN                                                              12/16/2025 23:35:36 PAGE 2   

  55          void i2c_write(unsigned char dat)
  56          {
  57   1          unsigned char i;
  58   1          for(i = 0; i < 8; i++)
  59   1          {
  60   2              scl = 0;
  61   2              // Verifica bit a bit, do MSB para o LSB
  62   2              sda = (dat & (0x80 >> i)) ? 1 : 0;
  63   2              scl = 1;
  64   2          }
  65   1      }
  66          
  67          void lcd_send_cmd(unsigned char cmd)
  68          {
  69   1          unsigned char cmd_l, cmd_u;
  70   1          cmd_l = (cmd << 4) & 0xf0;
  71   1          cmd_u = (cmd & 0xf0);
  72   1      
  73   1          i2c_start();            
  74   1          i2c_write(slave_add);
  75   1          i2c_ACK();
  76   1          
  77   1          // Envia parte alta (Upper nibble)
  78   1          i2c_write(cmd_u | 0x0C); // BL EN RW RS -> 1 1 0 0
  79   1          i2c_ACK();
  80   1          delay_ms(1);
  81   1          i2c_write(cmd_u | 0x08); // Pulse Enable: 1 0 0 0
  82   1          i2c_ACK();
  83   1          delay_ms(10);
  84   1          
  85   1          // Envia parte baixa (Lower nibble)
  86   1          i2c_write(cmd_l | 0x0C); // 1 1 0 0
  87   1          i2c_ACK();
  88   1          delay_ms(1);
  89   1          i2c_write(cmd_l | 0x08);
  90   1          i2c_ACK();
  91   1          delay_ms(10);
  92   1          
  93   1          i2c_stop();
  94   1      }
  95          
  96          void lcd_send_data(unsigned char dataw)
  97          {
  98   1          unsigned char dataw_l, dataw_u;
  99   1          dataw_l = (dataw << 4) & 0xf0;
 100   1          dataw_u = (dataw & 0xf0);
 101   1      
 102   1          i2c_start();
 103   1          i2c_write(slave_add);
 104   1          i2c_ACK();
 105   1          
 106   1          // Envia parte alta
 107   1          i2c_write(dataw_u | 0x0D); // BL EN RW RS -> 1 1 0 1
 108   1          i2c_ACK();
 109   1          delay_ms(1);
 110   1          i2c_write(dataw_u | 0x09); // 1 0 0 1
 111   1          i2c_ACK();
 112   1          delay_ms(10);
 113   1          
 114   1          // Envia parte baixa
 115   1          i2c_write(dataw_l | 0x0D);
 116   1          i2c_ACK();
C51 COMPILER V9.60.7.0   MAIN                                                              12/16/2025 23:35:36 PAGE 3   

 117   1          delay_ms(1);
 118   1          i2c_write(dataw_l | 0x09);
 119   1          i2c_ACK();
 120   1          delay_ms(10);
 121   1          
 122   1          i2c_stop();
 123   1      }
 124          
 125          void lcd_send_str(unsigned char *p)
 126          {
 127   1          while(*p != '\0')
 128   1          {
 129   2              lcd_send_data(*p++);
 130   2          }
 131   1      }
 132          
 133          void delay_ms(unsigned int n)
 134          {
 135   1          unsigned int m;
 136   1          for(; n > 0; n--)
 137   1          {
 138   2              for(m = 121; m > 0; m--);
 139   2              _nop_(); _nop_();
 140   2              _nop_(); _nop_();
 141   2              _nop_(); _nop_();
 142   2          }
 143   1      }
 144          
 145          void lcd_init()
 146          {
 147   1          lcd_send_cmd(0x02); // Return home
 148   1          lcd_send_cmd(0x28); // 4 bit mode
 149   1          lcd_send_cmd(0x0C); // Display On, cursor off
 150   1          lcd_send_cmd(0x06); // Increment Cursor (shift cursor to right)
 151   1          lcd_send_cmd(0x01); // Clear display
 152   1      }
 153          
 154          void main(void)
 155          {
 156   1          lcd_slave(slave1);
 157   1          lcd_init();
 158   1          
 159   1          lcd_send_cmd(0x80); // Linha 1
 160   1          lcd_send_str("      UEFS       ");
 161   1          
 162   1          lcd_send_cmd(0xC0); // Linha 2
 163   1          lcd_send_str("Entelechy | LEDS");
 164   1      
 165   1          while(1)
 166   1          {
 167   2              // Loop infinito
 168   2          }
 169   1      }


MODULE INFORMATION:   STATIC OVERLAYABLE
   CODE SIZE        =    366    ----
   CONSTANT SIZE    =     35    ----
   XDATA SIZE       =   ----    ----
   PDATA SIZE       =   ----    ----
   DATA SIZE        =      2       7
   IDATA SIZE       =   ----    ----
C51 COMPILER V9.60.7.0   MAIN                                                              12/16/2025 23:35:36 PAGE 4   

   BIT SIZE         =   ----    ----
END OF MODULE INFORMATION.


C51 COMPILATION COMPLETE.  0 WARNING(S),  0 ERROR(S)
