** Drc report for Entelechy.kicad_pcb **
** Created on 2025-10-11T22:13:29-0300 **

** Found 4 DRC violations **
[annular_width]: Largura anular (configuração das restrições da placa largura anular mín 0,1000 mm; atual 0,0850 mm)
    Regra: configuração das restrições da placa; error
    @(126,8100 mm, 131,0000 mm): Ilha PTH 4 [Net-(D5-A)] de D5
[annular_width]: Largura anular (configuração das restrições da placa largura anular mín 0,1000 mm; atual 0,0850 mm)
    Regra: configuração das restrições da placa; error
    @(125,5400 mm, 131,0000 mm): Ilha PTH 3 [/LED_RGB/LEDRGB_R] de D5
[annular_width]: Largura anular (configuração das restrições da placa largura anular mín 0,1000 mm; atual 0,0850 mm)
    Regra: configuração das restrições da placa; error
    @(124,2700 mm, 131,0000 mm): Ilha PTH 2 [/LED_RGB/LEDRGB_B] de D5
[annular_width]: Largura anular (configuração das restrições da placa largura anular mín 0,1000 mm; atual 0,0850 mm)
    Regra: configuração das restrições da placa; error
    @(123,0000 mm, 131,0000 mm): Ilha PTH 1 [/LED_RGB/LEDRGB_G] de D5

** Found 154 unconnected pads **
[unconnected_items]: Conexão ausente entre os itens
    Substituição local; error
    @(63,0000 mm, 105,1600 mm): Ilha PTH 5 [Net-(AFF1-DP)] de AFF1
    @(83,7600 mm, 103,7500 mm): Ilha PTH 2 [Net-(AFF1-DP)] de R08
[unconnected_items]: Conexão ausente entre os itens
    Substituição local; error
    @(78,2400 mm, 95,0000 mm): Ilha PTH 10 [Net-(AFF1-g)] de AFF1
    @(83,7600 mm, 99,7500 mm): Ilha PTH 2 [Net-(AFF1-g)] de R07
[unconnected_items]: Conexão ausente entre os itens
    Substituição local; error
    @(78,2400 mm, 97,5400 mm): Ilha PTH 9 [Net-(AFF1-f)] de AFF1
    @(83,7600 mm, 95,7500 mm): Ilha PTH 2 [Net-(AFF1-f)] de R06
[unconnected_items]: Conexão ausente entre os itens
    Substituição local; error
    @(78,2400 mm, 105,1600 mm): Ilha PTH 6 [Net-(AFF1-b)] de AFF1
    @(83,7600 mm, 79,7500 mm): Ilha PTH 2 [Net-(AFF1-b)] de R02
[unconnected_items]: Conexão ausente entre os itens
    Substituição local; error
    @(63,0000 mm, 102,6200 mm): Ilha PTH 4 [Net-(AFF1-c)] de AFF1
    @(83,7600 mm, 83,7500 mm): Ilha PTH 2 [Net-(AFF1-c)] de R03
[unconnected_items]: Conexão ausente entre os itens
    Substituição local; error
    @(78,2400 mm, 102,6200 mm): Ilha PTH 7 [Net-(AFF1-a)] de AFF1
    @(83,7600 mm, 75,7500 mm): Ilha PTH 2 [Net-(AFF1-a)] de R01
[unconnected_items]: Conexão ausente entre os itens
    Substituição local; error
    @(63,0000 mm, 97,5400 mm): Ilha PTH 2 [Net-(AFF1-d)] de AFF1
    @(83,7600 mm, 87,7500 mm): Ilha PTH 2 [Net-(AFF1-d)] de R04
[unconnected_items]: Conexão ausente entre os itens
    Substituição local; error
    @(66,7100 mm, 72,2500 mm): Ilha PTH 1 [+5V] de J0
    @(69,2500 mm, 72,2500 mm): Ilha PTH 2 [+5V] de J0
[unconnected_items]: Conexão ausente entre os itens
    Substituição local; error
    @(78,2400 mm, 100,0800 mm): Ilha PTH 8 [+5V] de AFF1
    @(78,2400 mm, 123,0800 mm): Ilha PTH 8 [+5V] de AFF2
[unconnected_items]: Conexão ausente entre os itens
    Substituição local; error
    @(78,2400 mm, 100,0800 mm): Ilha PTH 8 [+5V] de AFF1
    @(69,2500 mm, 72,2500 mm): Ilha PTH 2 [+5V] de J0
[unconnected_items]: Conexão ausente entre os itens
    Substituição local; error
    @(78,2400 mm, 100,0800 mm): Ilha PTH 8 [+5V] de AFF1
    @(110,3200 mm, 95,2200 mm): Ilha PTH 16 [+5V] de U4
[unconnected_items]: Conexão ausente entre os itens
    Substituição local; error
    @(78,2400 mm, 123,0800 mm): Ilha PTH 8 [+5V] de AFF2
    @(87,6300 mm, 141,1000 mm): Ilha PTH 1 [+5V] de U1
[unconnected_items]: Conexão ausente entre os itens
    Substituição local; error
    @(83,8900 mm, 151,1000 mm): Ilha PTH 2 [+5V] de R21
    @(87,6300 mm, 141,1000 mm): Ilha PTH 1 [+5V] de U1
[unconnected_items]: Conexão ausente entre os itens
    Substituição local; error
    @(100,5200 mm, 60,8500 mm): Ilha PTH 1 [+5V] de R1
    @(110,3200 mm, 71,6100 mm): Ilha PTH 16 [+5V] de U3
[unconnected_items]: Conexão ausente entre os itens
    Substituição local; error
    @(110,3200 mm, 95,2200 mm): Ilha PTH 16 [+5V] de U4
    @(129,2400 mm, 95,8600 mm): Ilha PTH 31 [+5V] de U2
[unconnected_items]: Conexão ausente entre os itens
    Substituição local; error
    @(129,2400 mm, 73,0000 mm): Ilha PTH 40 [+5V] de U2
    @(110,3200 mm, 71,6100 mm): Ilha PTH 16 [+5V] de U3
[unconnected_items]: Conexão ausente entre os itens
    Substituição local; error
    @(129,2400 mm, 73,0000 mm): Ilha PTH 40 [+5V] de U2
    @(129,2400 mm, 95,8600 mm): Ilha PTH 31 [+5V] de U2
[unconnected_items]: Conexão ausente entre os itens
    Substituição local; error
    @(156,2400 mm, 75,0000 mm): Ilha PTH 2 [+5V] de R17
    @(171,5800 mm, 79,0000 mm): Ilha PTH 2 [+5V] de LCD-16x2-I2C1
[unconnected_items]: Conexão ausente entre os itens
    Substituição local; error
    @(156,2400 mm, 75,0000 mm): Ilha PTH 2 [+5V] de R17
    @(129,2400 mm, 73,0000 mm): Ilha PTH 40 [+5V] de U2
[unconnected_items]: Conexão ausente entre os itens
    Substituição local; error
    @(156,2400 mm, 84,2500 mm): Ilha PTH 2 [+5V] de R18
    @(156,2400 mm, 75,0000 mm): Ilha PTH 2 [+5V] de R17
[unconnected_items]: Conexão ausente entre os itens
    Substituição local; error
    @(156,2400 mm, 93,5000 mm): Ilha PTH 2 [+5V] de R19
    @(156,2400 mm, 84,2500 mm): Ilha PTH 2 [+5V] de R18
[unconnected_items]: Conexão ausente entre os itens
    Substituição local; error
    @(156,2400 mm, 102,7500 mm): Ilha PTH 2 [+5V] de R20
    @(156,2400 mm, 93,5000 mm): Ilha PTH 2 [+5V] de R19
[unconnected_items]: Conexão ausente entre os itens
    Substituição local; error
    @(183,9200 mm, 64,5400 mm): Ilha PTH 6 [+5V] de J3
    @(171,5800 mm, 79,0000 mm): Ilha PTH 2 [+5V] de LCD-16x2-I2C1
[unconnected_items]: Conexão ausente entre os itens
    Substituição local; error
    @(63,0000 mm, 95,0000 mm): Ilha PTH 1 [Net-(AFF1-e)] de AFF1
    @(83,7600 mm, 91,7500 mm): Ilha PTH 2 [Net-(AFF1-e)] de R05
[unconnected_items]: Conexão ausente entre os itens
    Substituição local; error
    @(63,0000 mm, 118,0000 mm): Ilha PTH 1 [Net-(AFF2-e)] de AFF2
    @(83,7600 mm, 123,7500 mm): Ilha PTH 2 [Net-(AFF2-e)] de R13
[unconnected_items]: Conexão ausente entre os itens
    Substituição local; error
    @(63,0000 mm, 128,1600 mm): Ilha PTH 5 [Net-(AFF2-DP)] de AFF2
    @(83,7600 mm, 135,7500 mm): Ilha PTH 2 [Net-(AFF2-DP)] de R16
[unconnected_items]: Conexão ausente entre os itens
    Substituição local; error
    @(78,2400 mm, 120,5400 mm): Ilha PTH 9 [Net-(AFF2-f)] de AFF2
    @(83,7600 mm, 127,7500 mm): Ilha PTH 2 [Net-(AFF2-f)] de R14
[unconnected_items]: Conexão ausente entre os itens
    Substituição local; error
    @(78,2400 mm, 118,0000 mm): Ilha PTH 10 [Net-(AFF2-g)] de AFF2
    @(83,7600 mm, 131,7500 mm): Ilha PTH 2 [Net-(AFF2-g)] de R15
[unconnected_items]: Conexão ausente entre os itens
    Substituição local; error
    @(63,0000 mm, 125,6200 mm): Ilha PTH 4 [Net-(AFF2-c)] de AFF2
    @(83,7600 mm, 115,7500 mm): Ilha PTH 2 [Net-(AFF2-c)] de R11
[unconnected_items]: Conexão ausente entre os itens
    Substituição local; error
    @(78,2400 mm, 125,6200 mm): Ilha PTH 7 [Net-(AFF2-a)] de AFF2
    @(83,7600 mm, 107,7500 mm): Ilha PTH 2 [Net-(AFF2-a)] de R09
[unconnected_items]: Conexão ausente entre os itens
    Substituição local; error
    @(78,2400 mm, 128,1600 mm): Ilha PTH 6 [Net-(AFF2-b)] de AFF2
    @(83,7600 mm, 111,7500 mm): Ilha PTH 2 [Net-(AFF2-b)] de R10
[unconnected_items]: Conexão ausente entre os itens
    Substituição local; error
    @(63,0000 mm, 120,5400 mm): Ilha PTH 2 [Net-(AFF2-d)] de AFF2
    @(83,7600 mm, 119,7500 mm): Ilha PTH 2 [Net-(AFF2-d)] de R12
[unconnected_items]: Conexão ausente entre os itens
    Substituição local; error
    @(69,2500 mm, 65,2500 mm): Ilha PTH 2 [GND] de J1
    @(66,7100 mm, 65,2500 mm): Ilha PTH 1 [GND] de J1
[unconnected_items]: Conexão ausente entre os itens
    Substituição local; error
    @(87,1000 mm, 66,2500 mm): Ilha PTH 2 [GND] de C1
    @(89,7500 mm, 65,2500 mm): Ilha PTH 1 [GND] de KEY5
[unconnected_items]: Conexão ausente entre os itens
    Substituição local; error
    @(87,1000 mm, 66,2500 mm): Ilha PTH 2 [GND] de C1
    @(69,2500 mm, 65,2500 mm): Ilha PTH 2 [GND] de J1
[unconnected_items]: Conexão ausente entre os itens
    Substituição local; error
    @(92,7100 mm, 141,1000 mm): Ilha PTH 3 [GND] de U1
    @(95,2500 mm, 141,1000 mm): Ilha PTH 4 [GND] de U1
[unconnected_items]: Conexão ausente entre os itens
    Substituição local; error
    @(95,2500 mm, 141,1000 mm): Ilha PTH 4 [GND] de U1
    @(111,0000 mm, 132,5400 mm): Ilha PTH 3 [GND] de J2
[unconnected_items]: Conexão ausente entre os itens
    Substituição local; error
    @(96,2500 mm, 65,2500 mm): Ilha PTH 1 [GND] de KEY5
    @(89,7500 mm, 65,2500 mm): Ilha PTH 1 [GND] de KEY5
[unconnected_items]: Conexão ausente entre os itens
    Substituição local; error
    @(96,2500 mm, 65,2500 mm): Ilha PTH 1 [GND] de KEY5
    @(125,0000 mm, 58,2500 mm): Ilha PTH 2 [GND] de C4
[unconnected_items]: Conexão ausente entre os itens
    Substituição local; error
    @(102,2000 mm, 123,7500 mm): Ilha PTH 1 [GND] de C2
    @(102,2000 mm, 118,7500 mm): Ilha PTH 1 [GND] de C3
[unconnected_items]: Conexão ausente entre os itens
    Substituição local; error
    @(102,7000 mm, 89,3900 mm): Ilha PTH 8 [GND] de U3
    @(96,2500 mm, 65,2500 mm): Ilha PTH 1 [GND] de KEY5
[unconnected_items]: Conexão ausente entre os itens
    Substituição local; error
    @(102,7000 mm, 113,0000 mm): Ilha PTH 8 [GND] de U4
    @(102,2000 mm, 118,7500 mm): Ilha PTH 1 [GND] de C3
[unconnected_items]: Conexão ausente entre os itens
    Substituição local; error
    @(102,7000 mm, 113,0000 mm): Ilha PTH 8 [GND] de U4
    @(102,7000 mm, 89,3900 mm): Ilha PTH 8 [GND] de U3
[unconnected_items]: Conexão ausente entre os itens
    Substituição local; error
    @(111,0000 mm, 130,0000 mm): Ilha PTH 1 [GND] de J2
    @(113,5400 mm, 130,0000 mm): Ilha PTH 2 [GND] de J2
[unconnected_items]: Conexão ausente entre os itens
    Substituição local; error
    @(111,0000 mm, 130,0000 mm): Ilha PTH 1 [GND] de J2
    @(111,0000 mm, 132,5400 mm): Ilha PTH 3 [GND] de J2
[unconnected_items]: Conexão ausente entre os itens
    Substituição local; error
    @(111,0000 mm, 130,0000 mm): Ilha PTH 1 [GND] de J2
    @(102,2000 mm, 123,7500 mm): Ilha PTH 1 [GND] de C2
[unconnected_items]: Conexão ausente entre os itens
    Substituição local; error
    @(112,9000 mm, 144,2500 mm): Ilha PTH 2 [GND] de BZ1
    @(113,5400 mm, 132,5400 mm): Ilha PTH 4 [GND] de J2
[unconnected_items]: Conexão ausente entre os itens
    Substituição local; error
    @(113,5400 mm, 130,0000 mm): Ilha PTH 2 [GND] de J2
    @(113,5400 mm, 132,5400 mm): Ilha PTH 4 [GND] de J2
[unconnected_items]: Conexão ausente entre os itens
    Substituição local; error
    @(113,5400 mm, 130,0000 mm): Ilha PTH 2 [GND] de J2
    @(114,0000 mm, 121,2600 mm): Ilha PTH 20 [GND] de U2
[unconnected_items]: Conexão ausente entre os itens
    Substituição local; error
    @(125,0000 mm, 58,2500 mm): Ilha PTH 2 [GND] de C4
    @(126,0000 mm, 60,9000 mm): Ilha PTH 2 [GND] de KEY1
[unconnected_items]: Conexão ausente entre os itens
    Substituição local; error
    @(126,0000 mm, 67,4000 mm): Ilha PTH 2 [GND] de KEY1
    @(126,0000 mm, 60,9000 mm): Ilha PTH 2 [GND] de KEY1
[unconnected_items]: Conexão ausente entre os itens
    Substituição local; error
    @(134,5000 mm, 58,2500 mm): Ilha PTH 2 [GND] de C5
    @(126,0000 mm, 60,9000 mm): Ilha PTH 2 [GND] de KEY1
[unconnected_items]: Conexão ausente entre os itens
    Substituição local; error
    @(135,5000 mm, 60,9000 mm): Ilha PTH 2 [GND] de KEY2
    @(134,5000 mm, 58,2500 mm): Ilha PTH 2 [GND] de C5
[unconnected_items]: Conexão ausente entre os itens
    Substituição local; error
    @(135,5000 mm, 67,4000 mm): Ilha PTH 2 [GND] de KEY2
    @(135,5000 mm, 60,9000 mm): Ilha PTH 2 [GND] de KEY2
[unconnected_items]: Conexão ausente entre os itens
    Substituição local; error
    @(144,0000 mm, 58,2500 mm): Ilha PTH 2 [GND] de C6
    @(135,5000 mm, 60,9000 mm): Ilha PTH 2 [GND] de KEY2
[unconnected_items]: Conexão ausente entre os itens
    Substituição local; error
    @(145,0000 mm, 60,9000 mm): Ilha PTH 2 [GND] de KEY3
    @(144,0000 mm, 58,2500 mm): Ilha PTH 2 [GND] de C6
[unconnected_items]: Conexão ausente entre os itens
    Substituição local; error
    @(145,0000 mm, 60,9000 mm): Ilha PTH 2 [GND] de KEY3
    @(145,0000 mm, 67,4000 mm): Ilha PTH 2 [GND] de KEY3
[unconnected_items]: Conexão ausente entre os itens
    Substituição local; error
    @(151,2500 mm, 115,3500 mm): Ilha PTH 3 [GND] de SW7
    @(151,2500 mm, 110,2500 mm): Ilha PTH 3 [GND] de SW8
[unconnected_items]: Conexão ausente entre os itens
    Substituição local; error
    @(151,2500 mm, 120,4500 mm): Ilha PTH 3 [GND] de SW6
    @(151,2500 mm, 115,3500 mm): Ilha PTH 3 [GND] de SW7
[unconnected_items]: Conexão ausente entre os itens
    Substituição local; error
    @(151,2500 mm, 120,4500 mm): Ilha PTH 3 [GND] de SW6
    @(114,0000 mm, 121,2600 mm): Ilha PTH 20 [GND] de U2
[unconnected_items]: Conexão ausente entre os itens
    Substituição local; error
    @(151,2500 mm, 125,5500 mm): Ilha PTH 3 [GND] de SW5
    @(151,2500 mm, 130,6500 mm): Ilha PTH 3 [GND] de SW4
[unconnected_items]: Conexão ausente entre os itens
    Substituição local; error
    @(151,2500 mm, 125,5500 mm): Ilha PTH 3 [GND] de SW5
    @(151,2500 mm, 120,4500 mm): Ilha PTH 3 [GND] de SW6
[unconnected_items]: Conexão ausente entre os itens
    Substituição local; error
    @(151,2500 mm, 130,6500 mm): Ilha PTH 3 [GND] de SW4
    @(151,2500 mm, 135,7500 mm): Ilha PTH 3 [GND] de SW3
[unconnected_items]: Conexão ausente entre os itens
    Substituição local; error
    @(151,2500 mm, 140,8500 mm): Ilha PTH 3 [GND] de SW2
    @(151,2500 mm, 135,7500 mm): Ilha PTH 3 [GND] de SW3
[unconnected_items]: Conexão ausente entre os itens
    Substituição local; error
    @(151,2500 mm, 145,9500 mm): Ilha PTH 3 [GND] de SW1
    @(151,2500 mm, 140,8500 mm): Ilha PTH 3 [GND] de SW2
[unconnected_items]: Conexão ausente entre os itens
    Substituição local; error
    @(153,5000 mm, 58,2500 mm): Ilha PTH 2 [GND] de C7
    @(145,0000 mm, 60,9000 mm): Ilha PTH 2 [GND] de KEY3
[unconnected_items]: Conexão ausente entre os itens
    Substituição local; error
    @(154,5000 mm, 60,9000 mm): Ilha PTH 2 [GND] de KEY4
    @(153,5000 mm, 58,2500 mm): Ilha PTH 2 [GND] de C7
[unconnected_items]: Conexão ausente entre os itens
    Substituição local; error
    @(154,5000 mm, 67,4000 mm): Ilha PTH 2 [GND] de KEY4
    @(154,5000 mm, 60,9000 mm): Ilha PTH 2 [GND] de KEY4
[unconnected_items]: Conexão ausente entre os itens
    Substituição local; error
    @(174,1200 mm, 79,0000 mm): Ilha PTH 1 [GND] de LCD-16x2-I2C1
    @(186,4600 mm, 64,5400 mm): Ilha PTH 4 [GND] de J3
[unconnected_items]: Conexão ausente entre os itens
    Substituição local; error
    @(174,1200 mm, 79,0000 mm): Ilha PTH 1 [GND] de LCD-16x2-I2C1
    @(154,5000 mm, 67,4000 mm): Ilha PTH 2 [GND] de KEY4
[unconnected_items]: Conexão ausente entre os itens
    Substituição local; error
    @(114,0000 mm, 111,1000 mm): Ilha PTH 16 [Net-(BZ1-+)] de U2
    @(120,5000 mm, 144,2500 mm): Ilha PTH 1 [Net-(BZ1-+)] de BZ1
[unconnected_items]: Conexão ausente entre os itens
    Substituição local; error
    @(104,7000 mm, 123,7500 mm): Ilha PTH 2 [/Clock/XTAL1] de C2
    @(109,5000 mm, 122,3000 mm): Ilha PTH 2 [/Clock/XTAL1] de Y1
[unconnected_items]: Conexão ausente entre os itens
    Substituição local; error
    @(109,5000 mm, 122,3000 mm): Ilha PTH 2 [/Clock/XTAL1] de Y1
    @(114,0000 mm, 118,7200 mm): Ilha PTH 19 [/Clock/XTAL1] de U2
[unconnected_items]: Conexão ausente entre os itens
    Substituição local; error
    @(104,7000 mm, 118,7500 mm): Ilha PTH 2 [/Clock/XTAL2] de C3
    @(109,5000 mm, 118,5000 mm): Ilha PTH 1 [/Clock/XTAL2] de Y1
[unconnected_items]: Conexão ausente entre os itens
    Substituição local; error
    @(109,5000 mm, 118,5000 mm): Ilha PTH 1 [/Clock/XTAL2] de Y1
    @(114,0000 mm, 116,1800 mm): Ilha PTH 18 [/Clock/XTAL2] de U2
[unconnected_items]: Conexão ausente entre os itens
    Substituição local; error
    @(114,0000 mm, 95,8600 mm): Ilha PTH 10 [/Push_Buttons/SW1_IN] de U2
    @(121,5000 mm, 67,4000 mm): Ilha PTH 1 [/Push_Buttons/SW1_IN] de KEY1
[unconnected_items]: Conexão ausente entre os itens
    Substituição local; error
    @(121,5000 mm, 60,9000 mm): Ilha PTH 1 [/Push_Buttons/SW1_IN] de KEY1
    @(121,5000 mm, 67,4000 mm): Ilha PTH 1 [/Push_Buttons/SW1_IN] de KEY1
[unconnected_items]: Conexão ausente entre os itens
    Substituição local; error
    @(122,5000 mm, 58,2500 mm): Ilha PTH 1 [/Push_Buttons/SW1_IN] de C4
    @(121,5000 mm, 60,9000 mm): Ilha PTH 1 [/Push_Buttons/SW1_IN] de KEY1
[unconnected_items]: Conexão ausente entre os itens
    Substituição local; error
    @(114,0000 mm, 98,4000 mm): Ilha PTH 11 [/Push_Buttons/SW2_IN] de U2
    @(131,0000 mm, 67,4000 mm): Ilha PTH 1 [/Push_Buttons/SW2_IN] de KEY2
[unconnected_items]: Conexão ausente entre os itens
    Substituição local; error
    @(131,0000 mm, 60,9000 mm): Ilha PTH 1 [/Push_Buttons/SW2_IN] de KEY2
    @(131,0000 mm, 67,4000 mm): Ilha PTH 1 [/Push_Buttons/SW2_IN] de KEY2
[unconnected_items]: Conexão ausente entre os itens
    Substituição local; error
    @(132,0000 mm, 58,2500 mm): Ilha PTH 1 [/Push_Buttons/SW2_IN] de C5
    @(131,0000 mm, 60,9000 mm): Ilha PTH 1 [/Push_Buttons/SW2_IN] de KEY2
[unconnected_items]: Conexão ausente entre os itens
    Substituição local; error
    @(114,0000 mm, 100,9400 mm): Ilha PTH 12 [/Push_Buttons/SW3_IN] de U2
    @(140,5000 mm, 67,4000 mm): Ilha PTH 1 [/Push_Buttons/SW3_IN] de KEY3
[unconnected_items]: Conexão ausente entre os itens
    Substituição local; error
    @(140,5000 mm, 60,9000 mm): Ilha PTH 1 [/Push_Buttons/SW3_IN] de KEY3
    @(140,5000 mm, 67,4000 mm): Ilha PTH 1 [/Push_Buttons/SW3_IN] de KEY3
[unconnected_items]: Conexão ausente entre os itens
    Substituição local; error
    @(141,5000 mm, 58,2500 mm): Ilha PTH 1 [/Push_Buttons/SW3_IN] de C6
    @(140,5000 mm, 60,9000 mm): Ilha PTH 1 [/Push_Buttons/SW3_IN] de KEY3
[unconnected_items]: Conexão ausente entre os itens
    Substituição local; error
    @(114,0000 mm, 103,4800 mm): Ilha PTH 13 [/Push_Buttons/SW4_IN] de U2
    @(150,0000 mm, 67,4000 mm): Ilha PTH 1 [/Push_Buttons/SW4_IN] de KEY4
[unconnected_items]: Conexão ausente entre os itens
    Substituição local; error
    @(150,0000 mm, 60,9000 mm): Ilha PTH 1 [/Push_Buttons/SW4_IN] de KEY4
    @(150,0000 mm, 67,4000 mm): Ilha PTH 1 [/Push_Buttons/SW4_IN] de KEY4
[unconnected_items]: Conexão ausente entre os itens
    Substituição local; error
    @(151,0000 mm, 58,2500 mm): Ilha PTH 1 [/Push_Buttons/SW4_IN] de C7
    @(150,0000 mm, 60,9000 mm): Ilha PTH 1 [/Push_Buttons/SW4_IN] de KEY4
[unconnected_items]: Conexão ausente entre os itens
    Substituição local; error
    @(123,0000 mm, 131,0000 mm): Ilha PTH 1 [/LED_RGB/LEDRGB_G] de D5
    @(129,2400 mm, 78,0800 mm): Ilha PTH 38 [/LED_RGB/LEDRGB_G] de U2
[unconnected_items]: Conexão ausente entre os itens
    Substituição local; error
    @(125,5400 mm, 131,0000 mm): Ilha PTH 3 [/LED_RGB/LEDRGB_R] de D5
    @(129,2400 mm, 75,5400 mm): Ilha PTH 39 [/LED_RGB/LEDRGB_R] de U2
[unconnected_items]: Conexão ausente entre os itens
    Substituição local; error
    @(124,2700 mm, 131,0000 mm): Ilha PTH 2 [/LED_RGB/LEDRGB_B] de D5
    @(129,2400 mm, 80,6200 mm): Ilha PTH 37 [/LED_RGB/LEDRGB_B] de U2
[unconnected_items]: Conexão ausente entre os itens
    Substituição local; error
    @(137,5400 mm, 75,0000 mm): Ilha PTH 2 [Net-(D1-A)] de D1
    @(141,0000 mm, 75,0000 mm): Ilha PTH 1 [Net-(D1-A)] de R17
[unconnected_items]: Conexão ausente entre os itens
    Substituição local; error
    @(129,2400 mm, 85,7000 mm): Ilha PTH 35 [/LED_Set/LED1] de U2
    @(135,0000 mm, 75,0000 mm): Ilha PTH 1 [/LED_Set/LED1] de D1
[unconnected_items]: Conexão ausente entre os itens
    Substituição local; error
    @(99,1300 mm, 151,1000 mm): Ilha PTH 1 [Net-(D5-A)] de R21
    @(126,8100 mm, 131,0000 mm): Ilha PTH 4 [Net-(D5-A)] de D5
[unconnected_items]: Conexão ausente entre os itens
    Substituição local; error
    @(129,2400 mm, 88,2400 mm): Ilha PTH 34 [/LED_Set/LED2] de U2
    @(135,0000 mm, 84,4200 mm): Ilha PTH 1 [/LED_Set/LED2] de D2
[unconnected_items]: Conexão ausente entre os itens
    Substituição local; error
    @(129,2400 mm, 90,7800 mm): Ilha PTH 33 [/LED_Set/LED3] de U2
    @(135,0000 mm, 93,8400 mm): Ilha PTH 1 [/LED_Set/LED3] de D3
[unconnected_items]: Conexão ausente entre os itens
    Substituição local; error
    @(129,2400 mm, 93,3200 mm): Ilha PTH 32 [/LED_Set/LED4] de U2
    @(135,0000 mm, 103,2600 mm): Ilha PTH 1 [/LED_Set/LED4] de D4
[unconnected_items]: Conexão ausente entre os itens
    Substituição local; error
    @(114,0000 mm, 90,7800 mm): Ilha PTH 8 [Net-(J3-Pin_2)] de U2
    @(189,0000 mm, 64,5400 mm): Ilha PTH 2 [Net-(J3-Pin_2)] de J3
[unconnected_items]: Conexão ausente entre os itens
    Substituição local; error
    @(114,0000 mm, 88,2400 mm): Ilha PTH 7 [Net-(J3-Pin_1)] de U2
    @(189,0000 mm, 62,0000 mm): Ilha PTH 1 [Net-(J3-Pin_1)] de J3
[unconnected_items]: Conexão ausente entre os itens
    Substituição local; error
    @(137,2900 mm, 143,2500 mm): Ilha PTH 1 [/Toogle_Switches/SW01] de P2.0
    @(148,7500 mm, 145,9500 mm): Ilha PTH 2 [/Toogle_Switches/SW01] de SW1
[unconnected_items]: Conexão ausente entre os itens
    Substituição local; error
    @(137,2900 mm, 117,2500 mm): Ilha PTH 1 [/Toogle_Switches/SW07] de P2.6
    @(148,7500 mm, 115,3500 mm): Ilha PTH 2 [/Toogle_Switches/SW07] de SW7
[unconnected_items]: Conexão ausente entre os itens
    Substituição local; error
    @(85,2800 mm, 60,8500 mm): Ilha PTH 2 [Net-(J3-Pin_3)] de R1
    @(87,1000 mm, 68,7500 mm): Ilha PTH 1 [Net-(J3-Pin_3)] de C1
[unconnected_items]: Conexão ausente entre os itens
    Substituição local; error
    @(87,1000 mm, 68,7500 mm): Ilha PTH 1 [Net-(J3-Pin_3)] de C1
    @(89,7500 mm, 69,7500 mm): Ilha PTH 2 [Net-(J3-Pin_3)] de KEY5
[unconnected_items]: Conexão ausente entre os itens
    Substituição local; error
    @(96,2500 mm, 69,7500 mm): Ilha PTH 2 [Net-(J3-Pin_3)] de KEY5
    @(89,7500 mm, 69,7500 mm): Ilha PTH 2 [Net-(J3-Pin_3)] de KEY5
[unconnected_items]: Conexão ausente entre os itens
    Substituição local; error
    @(114,0000 mm, 93,3200 mm): Ilha PTH 9 [Net-(J3-Pin_3)] de U2
    @(96,2500 mm, 69,7500 mm): Ilha PTH 2 [Net-(J3-Pin_3)] de KEY5
[unconnected_items]: Conexão ausente entre os itens
    Substituição local; error
    @(114,0000 mm, 93,3200 mm): Ilha PTH 9 [Net-(J3-Pin_3)] de U2
    @(186,4600 mm, 62,0000 mm): Ilha PTH 3 [Net-(J3-Pin_3)] de J3
[unconnected_items]: Conexão ausente entre os itens
    Substituição local; error
    @(137,5400 mm, 84,4200 mm): Ilha PTH 2 [Net-(D2-A)] de D2
    @(141,0000 mm, 84,2500 mm): Ilha PTH 1 [Net-(D2-A)] de R18
[unconnected_items]: Conexão ausente entre os itens
    Substituição local; error
    @(137,2900 mm, 139,0000 mm): Ilha PTH 1 [/Toogle_Switches/SW02] de P2.1
    @(148,7500 mm, 140,8500 mm): Ilha PTH 2 [/Toogle_Switches/SW02] de SW2
[unconnected_items]: Conexão ausente entre os itens
    Substituição local; error
    @(137,2900 mm, 134,7500 mm): Ilha PTH 1 [/Toogle_Switches/SW03] de P2.2
    @(148,7500 mm, 135,7500 mm): Ilha PTH 2 [/Toogle_Switches/SW03] de SW3
[unconnected_items]: Conexão ausente entre os itens
    Substituição local; error
    @(137,2900 mm, 130,5000 mm): Ilha PTH 1 [/Toogle_Switches/SW04] de P2.3
    @(148,7500 mm, 130,6500 mm): Ilha PTH 2 [/Toogle_Switches/SW04] de SW4
[unconnected_items]: Conexão ausente entre os itens
    Substituição local; error
    @(129,2400 mm, 121,2600 mm): Ilha PTH 21 [Net-(P2.0-Pin_2)] de U2
    @(134,7500 mm, 143,2500 mm): Ilha PTH 2 [Net-(P2.0-Pin_2)] de P2.0
[unconnected_items]: Conexão ausente entre os itens
    Substituição local; error
    @(137,2900 mm, 126,2500 mm): Ilha PTH 1 [/Toogle_Switches/SW05] de P2.4
    @(148,7500 mm, 125,5500 mm): Ilha PTH 2 [/Toogle_Switches/SW05] de SW5
[unconnected_items]: Conexão ausente entre os itens
    Substituição local; error
    @(137,2900 mm, 121,7500 mm): Ilha PTH 1 [/Toogle_Switches/SW06] de P2.5
    @(148,7500 mm, 120,4500 mm): Ilha PTH 2 [/Toogle_Switches/SW06] de SW6
[unconnected_items]: Conexão ausente entre os itens
    Substituição local; error
    @(129,2400 mm, 118,7200 mm): Ilha PTH 22 [Net-(P2.1-Pin_2)] de U2
    @(134,7500 mm, 139,0000 mm): Ilha PTH 2 [Net-(P2.1-Pin_2)] de P2.1
[unconnected_items]: Conexão ausente entre os itens
    Substituição local; error
    @(137,2900 mm, 113,2500 mm): Ilha PTH 1 [/Toogle_Switches/SW08] de P2.7
    @(148,7500 mm, 110,2500 mm): Ilha PTH 2 [/Toogle_Switches/SW08] de SW8
[unconnected_items]: Conexão ausente entre os itens
    Substituição local; error
    @(99,0000 mm, 75,7500 mm): Ilha PTH 1 [Net-(U3-QA)] de R01
    @(110,3200 mm, 74,1500 mm): Ilha PTH 15 [Net-(U3-QA)] de U3
[unconnected_items]: Conexão ausente entre os itens
    Substituição local; error
    @(99,0000 mm, 79,7500 mm): Ilha PTH 1 [Net-(U3-QB)] de R02
    @(102,7000 mm, 71,6100 mm): Ilha PTH 1 [Net-(U3-QB)] de U3
[unconnected_items]: Conexão ausente entre os itens
    Substituição local; error
    @(99,0000 mm, 83,7500 mm): Ilha PTH 1 [Net-(U3-QC)] de R03
    @(102,7000 mm, 74,1500 mm): Ilha PTH 2 [Net-(U3-QC)] de U3
[unconnected_items]: Conexão ausente entre os itens
    Substituição local; error
    @(99,0000 mm, 87,7500 mm): Ilha PTH 1 [Net-(U3-QD)] de R04
    @(102,7000 mm, 76,6900 mm): Ilha PTH 3 [Net-(U3-QD)] de U3
[unconnected_items]: Conexão ausente entre os itens
    Substituição local; error
    @(99,0000 mm, 91,7500 mm): Ilha PTH 1 [Net-(U3-QE)] de R05
    @(102,7000 mm, 79,2300 mm): Ilha PTH 4 [Net-(U3-QE)] de U3
[unconnected_items]: Conexão ausente entre os itens
    Substituição local; error
    @(99,0000 mm, 95,7500 mm): Ilha PTH 1 [Net-(U3-QF)] de R06
    @(102,7000 mm, 81,7700 mm): Ilha PTH 5 [Net-(U3-QF)] de U3
[unconnected_items]: Conexão ausente entre os itens
    Substituição local; error
    @(99,0000 mm, 99,7500 mm): Ilha PTH 1 [Net-(U3-QG)] de R07
    @(102,7000 mm, 84,3100 mm): Ilha PTH 6 [Net-(U3-QG)] de U3
[unconnected_items]: Conexão ausente entre os itens
    Substituição local; error
    @(99,0000 mm, 103,7500 mm): Ilha PTH 1 [Net-(U3-QH)] de R08
    @(102,7000 mm, 86,8500 mm): Ilha PTH 7 [Net-(U3-QH)] de U3
[unconnected_items]: Conexão ausente entre os itens
    Substituição local; error
    @(110,3200 mm, 76,6900 mm): Ilha PTH 14 [/7S_Displays/SER] de U3
    @(114,0000 mm, 73,0000 mm): Ilha PTH 1 [/7S_Displays/SER] de U2
[unconnected_items]: Conexão ausente entre os itens
    Substituição local; error
    @(110,3200 mm, 84,3100 mm): Ilha PTH 11 [/7S_Displays/SRCLK] de U3
    @(110,3200 mm, 107,9200 mm): Ilha PTH 11 [/7S_Displays/SRCLK] de U4
[unconnected_items]: Conexão ausente entre os itens
    Substituição local; error
    @(114,0000 mm, 80,6200 mm): Ilha PTH 4 [/7S_Displays/SRCLK] de U2
    @(110,3200 mm, 84,3100 mm): Ilha PTH 11 [/7S_Displays/SRCLK] de U3
[unconnected_items]: Conexão ausente entre os itens
    Substituição local; error
    @(110,3200 mm, 79,2300 mm): Ilha PTH 13 [/7S_Displays/OE_N] de U3
    @(110,3200 mm, 102,8400 mm): Ilha PTH 13 [/7S_Displays/OE_N] de U4
[unconnected_items]: Conexão ausente entre os itens
    Substituição local; error
    @(114,0000 mm, 75,5400 mm): Ilha PTH 2 [/7S_Displays/OE_N] de U2
    @(110,3200 mm, 79,2300 mm): Ilha PTH 13 [/7S_Displays/OE_N] de U3
[unconnected_items]: Conexão ausente entre os itens
    Substituição local; error
    @(110,3200 mm, 86,8500 mm): Ilha PTH 10 [/7S_Displays/SRCLR_N] de U3
    @(110,3200 mm, 110,4600 mm): Ilha PTH 10 [/7S_Displays/SRCLR_N] de U4
[unconnected_items]: Conexão ausente entre os itens
    Substituição local; error
    @(114,0000 mm, 83,1600 mm): Ilha PTH 5 [/7S_Displays/SRCLR_N] de U2
    @(110,3200 mm, 86,8500 mm): Ilha PTH 10 [/7S_Displays/SRCLR_N] de U3
[unconnected_items]: Conexão ausente entre os itens
    Substituição local; error
    @(110,3200 mm, 81,7700 mm): Ilha PTH 12 [/7S_Displays/RCLK] de U3
    @(110,3200 mm, 105,3800 mm): Ilha PTH 12 [/7S_Displays/RCLK] de U4
[unconnected_items]: Conexão ausente entre os itens
    Substituição local; error
    @(114,0000 mm, 78,0800 mm): Ilha PTH 3 [/7S_Displays/RCLK] de U2
    @(110,3200 mm, 81,7700 mm): Ilha PTH 12 [/7S_Displays/RCLK] de U3
[unconnected_items]: Conexão ausente entre os itens
    Substituição local; error
    @(137,5400 mm, 93,8400 mm): Ilha PTH 2 [Net-(D3-A)] de D3
    @(141,0000 mm, 93,5000 mm): Ilha PTH 1 [Net-(D3-A)] de R19
[unconnected_items]: Conexão ausente entre os itens
    Substituição local; error
    @(137,5400 mm, 103,2600 mm): Ilha PTH 2 [Net-(D4-A)] de D4
    @(141,0000 mm, 102,7500 mm): Ilha PTH 1 [Net-(D4-A)] de R20
[unconnected_items]: Conexão ausente entre os itens
    Substituição local; error
    @(114,0000 mm, 85,7000 mm): Ilha PTH 6 [Net-(J3-Pin_5)] de U2
    @(183,9200 mm, 62,0000 mm): Ilha PTH 5 [Net-(J3-Pin_5)] de J3
[unconnected_items]: Conexão ausente entre os itens
    Substituição local; error
    @(129,2400 mm, 116,1800 mm): Ilha PTH 23 [Net-(P2.2-Pin_2)] de U2
    @(134,7500 mm, 134,7500 mm): Ilha PTH 2 [Net-(P2.2-Pin_2)] de P2.2
[unconnected_items]: Conexão ausente entre os itens
    Substituição local; error
    @(129,2400 mm, 113,6400 mm): Ilha PTH 24 [Net-(P2.3-Pin_2)] de U2
    @(134,7500 mm, 130,5000 mm): Ilha PTH 2 [Net-(P2.3-Pin_2)] de P2.3
[unconnected_items]: Conexão ausente entre os itens
    Substituição local; error
    @(129,2400 mm, 111,1000 mm): Ilha PTH 25 [Net-(P2.4-Pin_2)] de U2
    @(134,7500 mm, 126,2500 mm): Ilha PTH 2 [Net-(P2.4-Pin_2)] de P2.4
[unconnected_items]: Conexão ausente entre os itens
    Substituição local; error
    @(129,2400 mm, 108,5600 mm): Ilha PTH 26 [Net-(P2.5-Pin_2)] de U2
    @(134,7500 mm, 121,7500 mm): Ilha PTH 2 [Net-(P2.5-Pin_2)] de P2.5
[unconnected_items]: Conexão ausente entre os itens
    Substituição local; error
    @(99,0000 mm, 107,7500 mm): Ilha PTH 1 [Net-(U4-QA)] de R09
    @(110,3200 mm, 97,7600 mm): Ilha PTH 15 [Net-(U4-QA)] de U4
[unconnected_items]: Conexão ausente entre os itens
    Substituição local; error
    @(99,0000 mm, 111,7500 mm): Ilha PTH 1 [Net-(U4-QB)] de R10
    @(102,7000 mm, 95,2200 mm): Ilha PTH 1 [Net-(U4-QB)] de U4
[unconnected_items]: Conexão ausente entre os itens
    Substituição local; error
    @(99,0000 mm, 115,7500 mm): Ilha PTH 1 [Net-(U4-QC)] de R11
    @(102,7000 mm, 97,7600 mm): Ilha PTH 2 [Net-(U4-QC)] de U4
[unconnected_items]: Conexão ausente entre os itens
    Substituição local; error
    @(99,0000 mm, 119,7500 mm): Ilha PTH 1 [Net-(U4-QD)] de R12
    @(102,7000 mm, 100,3000 mm): Ilha PTH 3 [Net-(U4-QD)] de U4
[unconnected_items]: Conexão ausente entre os itens
    Substituição local; error
    @(99,0000 mm, 123,7500 mm): Ilha PTH 1 [Net-(U4-QE)] de R13
    @(102,7000 mm, 102,8400 mm): Ilha PTH 4 [Net-(U4-QE)] de U4
[unconnected_items]: Conexão ausente entre os itens
    Substituição local; error
    @(99,0000 mm, 127,7500 mm): Ilha PTH 1 [Net-(U4-QF)] de R14
    @(102,7000 mm, 105,3800 mm): Ilha PTH 5 [Net-(U4-QF)] de U4
[unconnected_items]: Conexão ausente entre os itens
    Substituição local; error
    @(99,0000 mm, 131,7500 mm): Ilha PTH 1 [Net-(U4-QG)] de R15
    @(102,7000 mm, 107,9200 mm): Ilha PTH 6 [Net-(U4-QG)] de U4
[unconnected_items]: Conexão ausente entre os itens
    Substituição local; error
    @(99,0000 mm, 135,7500 mm): Ilha PTH 1 [Net-(U4-QH)] de R16
    @(102,7000 mm, 110,4600 mm): Ilha PTH 7 [Net-(U4-QH)] de U4
[unconnected_items]: Conexão ausente entre os itens
    Substituição local; error
    @(90,1700 mm, 141,1000 mm): Ilha PTH 2 [Net-(U1-SDA)] de U1
    @(114,0000 mm, 113,6400 mm): Ilha PTH 17 [Net-(U1-SDA)] de U2
[unconnected_items]: Conexão ausente entre os itens
    Substituição local; error
    @(110,3200 mm, 89,3900 mm): Ilha PTH 9 [Net-(U3-QH')] de U3
    @(110,3200 mm, 100,3000 mm): Ilha PTH 14 [Net-(U3-QH')] de U4
[unconnected_items]: Conexão ausente entre os itens
    Substituição local; error
    @(129,2400 mm, 106,0200 mm): Ilha PTH 27 [Net-(P2.6-Pin_2)] de U2
    @(134,7500 mm, 117,2500 mm): Ilha PTH 2 [Net-(P2.6-Pin_2)] de P2.6
[unconnected_items]: Conexão ausente entre os itens
    Substituição local; error
    @(129,2400 mm, 103,4800 mm): Ilha PTH 28 [Net-(P2.7-Pin_2)] de U2
    @(134,7500 mm, 113,2500 mm): Ilha PTH 2 [Net-(P2.7-Pin_2)] de P2.7
[unconnected_items]: Conexão ausente entre os itens
    Substituição local; error
    @(166,5000 mm, 79,0000 mm): Ilha PTH 4 [Net-(LCD-16x2-I2C1-SCL)] de LCD-16x2-I2C1
    @(174,5400 mm, 64,5000 mm): Ilha PTH 2 [Net-(LCD-16x2-I2C1-SCL)] de P3.4
[unconnected_items]: Conexão ausente entre os itens
    Substituição local; error
    @(169,0400 mm, 79,0000 mm): Ilha PTH 3 [Net-(LCD-16x2-I2C1-SDA)] de LCD-16x2-I2C1
    @(174,5400 mm, 59,0000 mm): Ilha PTH 2 [Net-(LCD-16x2-I2C1-SDA)] de P3.5
[unconnected_items]: Conexão ausente entre os itens
    Substituição local; error
    @(114,0000 mm, 106,0200 mm): Ilha PTH 14 [Net-(P3.4-Pin_1)] de U2
    @(172,0000 mm, 64,5000 mm): Ilha PTH 1 [Net-(P3.4-Pin_1)] de P3.4
[unconnected_items]: Conexão ausente entre os itens
    Substituição local; error
    @(114,0000 mm, 108,5600 mm): Ilha PTH 15 [Net-(P3.5-Pin_1)] de U2
    @(172,0000 mm, 59,0000 mm): Ilha PTH 1 [Net-(P3.5-Pin_1)] de P3.5

** Found 0 Footprint errors **

** End of Report **
