ERC report (2025-11-22T12:05:26-0300, Encoding UTF8)

***** Sheet /
[footprint_link_issues]: Assigned footprint (pinheader_1x02_p2.54mm_vertical) doesn't match footprint filters (Jumper* TestPoint*2Pads* TestPoint*Bridge*).
    ; warning
    @(57.15 mm, 87.63 mm): Symbol JP9 [Jumper_2_Bridged]
[footprint_link_issues]: Assigned footprint (pinheader_1x02_p2.54mm_vertical) doesn't match footprint filters (Jumper* TestPoint*2Pads* TestPoint*Bridge*).
    ; warning
    @(57.15 mm, 90.17 mm): Symbol JP10 [Jumper_2_Bridged]
[footprint_link_issues]: Assigned footprint (pinheader_1x02_p2.54mm_vertical) doesn't match footprint filters (Jumper* TestPoint*2Pads* TestPoint*Bridge*).
    ; warning
    @(256.54 mm, 73.66 mm): Symbol JP1 [Jumper_2_Bridged]
[footprint_link_issues]: Assigned footprint (pinheader_1x02_p2.54mm_vertical) doesn't match footprint filters (Jumper* TestPoint*2Pads* TestPoint*Bridge*).
    ; warning
    @(256.54 mm, 85.09 mm): Symbol JP2 [Jumper_2_Bridged]
[footprint_link_issues]: Assigned footprint (pinheader_1x02_p2.54mm_vertical) doesn't match footprint filters (Jumper* TestPoint*2Pads* TestPoint*Bridge*).
    ; warning
    @(256.54 mm, 96.52 mm): Symbol JP3 [Jumper_2_Bridged]
[footprint_link_issues]: Assigned footprint (pinheader_1x02_p2.54mm_vertical) doesn't match footprint filters (Jumper* TestPoint*2Pads* TestPoint*Bridge*).
    ; warning
    @(256.54 mm, 107.95 mm): Symbol JP4 [Jumper_2_Bridged]
[footprint_link_issues]: Assigned footprint (pinheader_1x02_p2.54mm_vertical) doesn't match footprint filters (Jumper* TestPoint*2Pads* TestPoint*Bridge*).
    ; warning
    @(256.54 mm, 119.38 mm): Symbol JP5 [Jumper_2_Bridged]
[footprint_link_issues]: Assigned footprint (pinheader_1x02_p2.54mm_vertical) doesn't match footprint filters (Jumper* TestPoint*2Pads* TestPoint*Bridge*).
    ; warning
    @(256.54 mm, 130.81 mm): Symbol JP6 [Jumper_2_Bridged]
[footprint_link_issues]: Assigned footprint (pinheader_1x02_p2.54mm_vertical) doesn't match footprint filters (Jumper* TestPoint*2Pads* TestPoint*Bridge*).
    ; warning
    @(256.54 mm, 142.24 mm): Symbol JP7 [Jumper_2_Bridged]
[footprint_link_issues]: Assigned footprint (pinheader_1x02_p2.54mm_vertical) doesn't match footprint filters (Jumper* TestPoint*2Pads* TestPoint*Bridge*).
    ; warning
    @(256.54 mm, 153.67 mm): Symbol JP8 [Jumper_2_Bridged]

***** Sheet /7-SEG_Driver/

 ** ERC messages: 10  Errors 0  Warnings 10
